// Jest Snapshot v1, https://goo.gl/fbAQLP

exports[`SchemaBuilder with namespace nothing looks weird 1`] = `
"\\"\\"\\"
The \`JSON\` scalar type represents JSON values as specified by [ECMA-404](http://www.ecma-international.org/publications/files/ECMA-ST/ECMA-404.pdf).
\\"\\"\\"
scalar JSON

scalar Never

type Query {
  asset(id: String): Test1_Asset
  assetCollection(skip: String, limit: String): Test1_AssetCollection
  entry(id: String): Test1_Entry
  entryCollection(skip: String, limit: String): Test1_EntryCollection
  sectionBlockText(id: String): Test1_SectionBlockText
  sectionBlockTextCollection(skip: String, limit: String): Test1_SectionBlockTextCollection
  page(id: String): Test1_Page
  pageCollection(skip: String, limit: String): Test1_PageCollection
  sectionCarousel(id: String): Test1_SectionCarousel
  sectionCarouselCollection(skip: String, limit: String): Test1_SectionCarouselCollection
  pageMetadata(id: String): Test1_PageMetadata
  pageMetadataCollection(skip: String, limit: String): Test1_PageMetadataCollection
}

type Test1_Asset {
  sys: Test1_Sys
  contentfulMetadata: Test1_ContentfulMetadata
  title: String
  description: String
  contentType: String
  fileName: String
  url: String
  size: Int
  width: Int
  height: Int
}

type Test1_AssetCollection {
  skip: Int!
  limit: Int!
  total: Int!
  items: [Test1_Asset]!
}

type Test1_ContentfulMetadata {
  tags: [Test1_ContentfulTag]!
}

type Test1_ContentfulTag {
  id: String!
  name: String!
}

interface Test1_Entry {
  sys: Test1_Sys
  contentfulMetadata: Test1_ContentfulMetadata
}

type Test1_EntryCollection {
  skip: Int!
  limit: Int!
  total: Int!
  items: [Test1_Entry]!
}

type Test1_Page implements Test1_Entry {
  title: String!
  subpages: Test1_PageCollection
  meta: Test1_PageMetadata
  sections: Test1_PageSectionCollection
  flags: [Test1_PageFlag]
}

type Test1_PageCollection {
  skip: Int!
  limit: Int!
  total: Int!
  items: [Test1_Page]!
}

enum Test1_PageFlag {
  not_shareable
  set_campus_cookie
}

type Test1_PageMetadata implements Test1_Entry {
  canonicalLink: String
  metaKeywords: String
  metaFlag: [Test1_PageMetadataMetaFlag]
  structuredData: JSON
}

type Test1_PageMetadataCollection {
  skip: Int!
  limit: Int!
  total: Int!
  items: [Test1_PageMetadata]!
}

enum Test1_PageMetadataMetaFlag {
  no_follow
  no_index
}

union Test1_PageSection = Test1_SectionBlockText | Test1_SectionCarousel

type Test1_PageSectionCollection {
  skip: Int!
  limit: Int!
  total: Int!
  items: [Test1_PageSection]!
}

type Test1_SectionBlockText implements Test1_Entry {
  internalTitle: Never
  body: String!
  bookmarkTitle: String
  style: Test1_SectionBlockTextStyle
}

type Test1_SectionBlockTextCollection {
  skip: Int!
  limit: Int!
  total: Int!
  items: [Test1_SectionBlockText]!
}

enum Test1_SectionBlockTextStyle {
  default
  narrow
}

type Test1_SectionCarousel implements Test1_Entry {
  images: Test1_AssetCollection
  slideInterval: Float
}

type Test1_SectionCarouselCollection {
  skip: Int!
  limit: Int!
  total: Int!
  items: [Test1_SectionCarousel]!
}

type Test1_Sys {
  id: String
  spaceId: String
  environmentId: String
}
"
`;

exports[`SchemaBuilder writes schema 1`] = `
"type Asset {
  sys: Sys
  contentfulMetadata: ContentfulMetadata
  title: String
  description: String
  contentType: String
  fileName: String
  url: String
  size: Int
  width: Int
  height: Int
}

type AssetCollection {
  skip: Int!
  limit: Int!
  total: Int!
  items: [Asset]!
}

type ContentfulMetadata {
  tags: [ContentfulTag]!
}

type ContentfulTag {
  id: String!
  name: String!
}

interface Entry {
  sys: Sys
  contentfulMetadata: ContentfulMetadata
}

type EntryCollection {
  skip: Int!
  limit: Int!
  total: Int!
  items: [Entry]!
}

\\"\\"\\"
The \`JSON\` scalar type represents JSON values as specified by [ECMA-404](http://www.ecma-international.org/publications/files/ECMA-ST/ECMA-404.pdf).
\\"\\"\\"
scalar JSON

scalar Never

type Page implements Entry {
  title: String!
  subpages: PageCollection
  meta: PageMetadata
  sections: PageSectionCollection
  flags: [PageFlag]
}

type PageCollection {
  skip: Int!
  limit: Int!
  total: Int!
  items: [Page]!
}

enum PageFlag {
  not_shareable
  set_campus_cookie
}

type PageMetadata implements Entry {
  canonicalLink: String
  metaKeywords: String
  metaFlag: [PageMetadataMetaFlag]
  structuredData: JSON
}

type PageMetadataCollection {
  skip: Int!
  limit: Int!
  total: Int!
  items: [PageMetadata]!
}

enum PageMetadataMetaFlag {
  no_follow
  no_index
}

union PageSection = SectionBlockText | SectionCarousel

type PageSectionCollection {
  skip: Int!
  limit: Int!
  total: Int!
  items: [PageSection]!
}

type Query {
  asset(id: String): Asset
  assetCollection(skip: String, limit: String): AssetCollection
  entry(id: String): Entry
  entryCollection(skip: String, limit: String): EntryCollection
  sectionBlockText(id: String): SectionBlockText
  sectionBlockTextCollection(skip: String, limit: String): SectionBlockTextCollection
  page(id: String): Page
  pageCollection(skip: String, limit: String): PageCollection
  sectionCarousel(id: String): SectionCarousel
  sectionCarouselCollection(skip: String, limit: String): SectionCarouselCollection
  pageMetadata(id: String): PageMetadata
  pageMetadataCollection(skip: String, limit: String): PageMetadataCollection
}

type SectionBlockText implements Entry {
  internalTitle: Never
  body: String!
  bookmarkTitle: String
  style: SectionBlockTextStyle
}

type SectionBlockTextCollection {
  skip: Int!
  limit: Int!
  total: Int!
  items: [SectionBlockText]!
}

enum SectionBlockTextStyle {
  default
  narrow
}

type SectionCarousel implements Entry {
  images: AssetCollection
  slideInterval: Float
}

type SectionCarouselCollection {
  skip: Int!
  limit: Int!
  total: Int!
  items: [SectionCarousel]!
}

type Sys {
  id: String
  spaceId: String
  environmentId: String
}
"
`;
